  Wiederherzustellende Projekte werden ermittelt...
D:\Repositories\softwareschmiede\06d97d8d-850b-4233-921f-907b93a4e0fe\FinanceManager.Web\FinanceManager.Web.csproj : warning NU1510: PackageReference Microsoft.AspNetCore.Cryptography.KeyDerivation wird nicht gekürzt. Erwägen Sie, dieses Paket aus Ihren Abhängigkeiten zu entfernen, da es wahrscheinlich nicht erforderlich ist.
D:\Repositories\softwareschmiede\06d97d8d-850b-4233-921f-907b93a4e0fe\FinanceManager.Infrastructure\FinanceManager.Infrastructure.csproj : warning NU1903: Das Paket "SQLitePCLRaw.lib.e_sqlite3" 2.1.11 weist eine bekannte hoch Schweregrad-Sicherheitsanfälligkeit auf, https://github.com/advisories/GHSA-2m69-gcr7-jv3q. [D:\Repositories\softwareschmiede\06d97d8d-850b-4233-921f-907b93a4e0fe\FinanceManager.Web\FinanceManager.Web.csproj]
D:\Repositories\softwareschmiede\06d97d8d-850b-4233-921f-907b93a4e0fe\FinanceManager.Web\FinanceManager.Web.csproj : warning NU1510: PackageReference Microsoft.Extensions.Caching.Memory wird nicht gekürzt. Erwägen Sie, dieses Paket aus Ihren Abhängigkeiten zu entfernen, da es wahrscheinlich nicht erforderlich ist.
D:\Repositories\softwareschmiede\06d97d8d-850b-4233-921f-907b93a4e0fe\FinanceManager.Infrastructure\FinanceManager.Infrastructure.csproj : warning NU1903: Das Paket "System.Security.Cryptography.Xml" 10.0.7 weist eine bekannte hoch Schweregrad-Sicherheitsanfälligkeit auf, https://github.com/advisories/GHSA-23rf-6693-g89p. [D:\Repositories\softwareschmiede\06d97d8d-850b-4233-921f-907b93a4e0fe\FinanceManager.Web\FinanceManager.Web.csproj]
D:\Repositories\softwareschmiede\06d97d8d-850b-4233-921f-907b93a4e0fe\FinanceManager.Infrastructure\FinanceManager.Infrastructure.csproj : warning NU1903: Das Paket "System.Security.Cryptography.Xml" 10.0.7 weist eine bekannte hoch Schweregrad-Sicherheitsanfälligkeit auf, https://github.com/advisories/GHSA-8q5v-6pqq-x66h. [D:\Repositories\softwareschmiede\06d97d8d-850b-4233-921f-907b93a4e0fe\FinanceManager.Web\FinanceManager.Web.csproj]
D:\Repositories\softwareschmiede\06d97d8d-850b-4233-921f-907b93a4e0fe\FinanceManager.Infrastructure\FinanceManager.Infrastructure.csproj : warning NU1903: Das Paket "System.Security.Cryptography.Xml" 10.0.7 weist eine bekannte hoch Schweregrad-Sicherheitsanfälligkeit auf, https://github.com/advisories/GHSA-cvvh-rhrc-wg4q. [D:\Repositories\softwareschmiede\06d97d8d-850b-4233-921f-907b93a4e0fe\FinanceManager.Web\FinanceManager.Web.csproj]
D:\Repositories\softwareschmiede\06d97d8d-850b-4233-921f-907b93a4e0fe\FinanceManager.Web\FinanceManager.Web.csproj : warning NU1510: PackageReference Microsoft.Extensions.Hosting.Abstractions wird nicht gekürzt. Erwägen Sie, dieses Paket aus Ihren Abhängigkeiten zu entfernen, da es wahrscheinlich nicht erforderlich ist.
D:\Repositories\softwareschmiede\06d97d8d-850b-4233-921f-907b93a4e0fe\FinanceManager.Infrastructure\FinanceManager.Infrastructure.csproj : warning NU1903: Das Paket "System.Security.Cryptography.Xml" 10.0.7 weist eine bekannte hoch Schweregrad-Sicherheitsanfälligkeit auf, https://github.com/advisories/GHSA-g8r8-53c2-pm3f. [D:\Repositories\softwareschmiede\06d97d8d-850b-4233-921f-907b93a4e0fe\FinanceManager.Web\FinanceManager.Web.csproj]
D:\Repositories\softwareschmiede\06d97d8d-850b-4233-921f-907b93a4e0fe\FinanceManager.Web\FinanceManager.Web.csproj : warning NU1510: PackageReference Microsoft.Extensions.Http wird nicht gekürzt. Erwägen Sie, dieses Paket aus Ihren Abhängigkeiten zu entfernen, da es wahrscheinlich nicht erforderlich ist.
D:\Repositories\softwareschmiede\06d97d8d-850b-4233-921f-907b93a4e0fe\FinanceManager.Infrastructure\FinanceManager.Infrastructure.csproj : warning NU1903: Das Paket "System.Security.Cryptography.Xml" 10.0.7 weist eine bekannte hoch Schweregrad-Sicherheitsanfälligkeit auf, https://github.com/advisories/GHSA-mmjf-rqrv-855v. [D:\Repositories\softwareschmiede\06d97d8d-850b-4233-921f-907b93a4e0fe\FinanceManager.Web\FinanceManager.Web.csproj]
D:\Repositories\softwareschmiede\06d97d8d-850b-4233-921f-907b93a4e0fe\FinanceManager.Web\FinanceManager.Web.csproj : warning NU1510: PackageReference Microsoft.Extensions.Identity.Core wird nicht gekürzt. Erwägen Sie, dieses Paket aus Ihren Abhängigkeiten zu entfernen, da es wahrscheinlich nicht erforderlich ist.
D:\Repositories\softwareschmiede\06d97d8d-850b-4233-921f-907b93a4e0fe\FinanceManager.Web\FinanceManager.Web.csproj : warning NU1903: Das Paket "SQLitePCLRaw.lib.e_sqlite3" 2.1.11 weist eine bekannte hoch Schweregrad-Sicherheitsanfälligkeit auf, https://github.com/advisories/GHSA-2m69-gcr7-jv3q.
  Alle Projekte sind für die Wiederherstellung auf dem neuesten Stand.
D:\Repositories\softwareschmiede\06d97d8d-850b-4233-921f-907b93a4e0fe\FinanceManager.Web\FinanceManager.Web.csproj : warning NU1510: PackageReference Microsoft.AspNetCore.Cryptography.KeyDerivation wird nicht gekürzt. Erwägen Sie, dieses Paket aus Ihren Abhängigkeiten zu entfernen, da es wahrscheinlich nicht erforderlich ist.
D:\Repositories\softwareschmiede\06d97d8d-850b-4233-921f-907b93a4e0fe\FinanceManager.Web\FinanceManager.Web.csproj : warning NU1510: PackageReference Microsoft.Extensions.Caching.Memory wird nicht gekürzt. Erwägen Sie, dieses Paket aus Ihren Abhängigkeiten zu entfernen, da es wahrscheinlich nicht erforderlich ist.
D:\Repositories\softwareschmiede\06d97d8d-850b-4233-921f-907b93a4e0fe\FinanceManager.Web\FinanceManager.Web.csproj : warning NU1510: PackageReference Microsoft.Extensions.Hosting.Abstractions wird nicht gekürzt. Erwägen Sie, dieses Paket aus Ihren Abhängigkeiten zu entfernen, da es wahrscheinlich nicht erforderlich ist.
D:\Repositories\softwareschmiede\06d97d8d-850b-4233-921f-907b93a4e0fe\FinanceManager.Web\FinanceManager.Web.csproj : warning NU1510: PackageReference Microsoft.Extensions.Http wird nicht gekürzt. Erwägen Sie, dieses Paket aus Ihren Abhängigkeiten zu entfernen, da es wahrscheinlich nicht erforderlich ist.
D:\Repositories\softwareschmiede\06d97d8d-850b-4233-921f-907b93a4e0fe\FinanceManager.Web\FinanceManager.Web.csproj : warning NU1510: PackageReference Microsoft.Extensions.Identity.Core wird nicht gekürzt. Erwägen Sie, dieses Paket aus Ihren Abhängigkeiten zu entfernen, da es wahrscheinlich nicht erforderlich ist.
D:\Repositories\softwareschmiede\06d97d8d-850b-4233-921f-907b93a4e0fe\FinanceManager.Web\FinanceManager.Web.csproj : warning NU1903: Das Paket "SQLitePCLRaw.lib.e_sqlite3" 2.1.11 weist eine bekannte hoch Schweregrad-Sicherheitsanfälligkeit auf, https://github.com/advisories/GHSA-2m69-gcr7-jv3q.
D:\Repositories\softwareschmiede\06d97d8d-850b-4233-921f-907b93a4e0fe\FinanceManager.Infrastructure\FinanceManager.Infrastructure.csproj : warning NU1903: Das Paket "SQLitePCLRaw.lib.e_sqlite3" 2.1.11 weist eine bekannte hoch Schweregrad-Sicherheitsanfälligkeit auf, https://github.com/advisories/GHSA-2m69-gcr7-jv3q.
D:\Repositories\softwareschmiede\06d97d8d-850b-4233-921f-907b93a4e0fe\FinanceManager.Infrastructure\FinanceManager.Infrastructure.csproj : warning NU1903: Das Paket "System.Security.Cryptography.Xml" 10.0.7 weist eine bekannte hoch Schweregrad-Sicherheitsanfälligkeit auf, https://github.com/advisories/GHSA-23rf-6693-g89p.
D:\Repositories\softwareschmiede\06d97d8d-850b-4233-921f-907b93a4e0fe\FinanceManager.Infrastructure\FinanceManager.Infrastructure.csproj : warning NU1903: Das Paket "System.Security.Cryptography.Xml" 10.0.7 weist eine bekannte hoch Schweregrad-Sicherheitsanfälligkeit auf, https://github.com/advisories/GHSA-8q5v-6pqq-x66h.
D:\Repositories\softwareschmiede\06d97d8d-850b-4233-921f-907b93a4e0fe\FinanceManager.Infrastructure\FinanceManager.Infrastructure.csproj : warning NU1903: Das Paket "System.Security.Cryptography.Xml" 10.0.7 weist eine bekannte hoch Schweregrad-Sicherheitsanfälligkeit auf, https://github.com/advisories/GHSA-cvvh-rhrc-wg4q.
D:\Repositories\softwareschmiede\06d97d8d-850b-4233-921f-907b93a4e0fe\FinanceManager.Infrastructure\FinanceManager.Infrastructure.csproj : warning NU1903: Das Paket "System.Security.Cryptography.Xml" 10.0.7 weist eine bekannte hoch Schweregrad-Sicherheitsanfälligkeit auf, https://github.com/advisories/GHSA-g8r8-53c2-pm3f.
D:\Repositories\softwareschmiede\06d97d8d-850b-4233-921f-907b93a4e0fe\FinanceManager.Infrastructure\FinanceManager.Infrastructure.csproj : warning NU1903: Das Paket "System.Security.Cryptography.Xml" 10.0.7 weist eine bekannte hoch Schweregrad-Sicherheitsanfälligkeit auf, https://github.com/advisories/GHSA-mmjf-rqrv-855v.
  FinanceManager.Shared -> D:\Repositories\softwareschmiede\06d97d8d-850b-4233-921f-907b93a4e0fe\FinanceManager.Shared\bin\Release\net10.0\FinanceManager.Shared.dll
  FinanceManager.Domain -> D:\Repositories\softwareschmiede\06d97d8d-850b-4233-921f-907b93a4e0fe\FinanceManager.Domain\bin\Release\net10.0\FinanceManager.Domain.dll
  FinanceManager.Application -> D:\Repositories\softwareschmiede\06d97d8d-850b-4233-921f-907b93a4e0fe\FinanceManager.Application\bin\Release\net10.0\FinanceManager.Application.dll
  FinanceManager.Infrastructure -> D:\Repositories\softwareschmiede\06d97d8d-850b-4233-921f-907b93a4e0fe\FinanceManager.Infrastructure\bin\Release\net10.0\FinanceManager.Infrastructure.dll
  FinanceManager.Web -> D:\Repositories\softwareschmiede\06d97d8d-850b-4233-921f-907b93a4e0fe\FinanceManager.Web\bin\Release\net10.0\FinanceManager.Web.dll

Der Buildvorgang wurde erfolgreich ausgeführt.

D:\Repositories\softwareschmiede\06d97d8d-850b-4233-921f-907b93a4e0fe\FinanceManager.Web\FinanceManager.Web.csproj : warning NU1510: PackageReference Microsoft.AspNetCore.Cryptography.KeyDerivation wird nicht gekürzt. Erwägen Sie, dieses Paket aus Ihren Abhängigkeiten zu entfernen, da es wahrscheinlich nicht erforderlich ist.
D:\Repositories\softwareschmiede\06d97d8d-850b-4233-921f-907b93a4e0fe\FinanceManager.Infrastructure\FinanceManager.Infrastructure.csproj : warning NU1903: Das Paket "SQLitePCLRaw.lib.e_sqlite3" 2.1.11 weist eine bekannte hoch Schweregrad-Sicherheitsanfälligkeit auf, https://github.com/advisories/GHSA-2m69-gcr7-jv3q. [D:\Repositories\softwareschmiede\06d97d8d-850b-4233-921f-907b93a4e0fe\FinanceManager.Web\FinanceManager.Web.csproj]
D:\Repositories\softwareschmiede\06d97d8d-850b-4233-921f-907b93a4e0fe\FinanceManager.Web\FinanceManager.Web.csproj : warning NU1510: PackageReference Microsoft.Extensions.Caching.Memory wird nicht gekürzt. Erwägen Sie, dieses Paket aus Ihren Abhängigkeiten zu entfernen, da es wahrscheinlich nicht erforderlich ist.
D:\Repositories\softwareschmiede\06d97d8d-850b-4233-921f-907b93a4e0fe\FinanceManager.Infrastructure\FinanceManager.Infrastructure.csproj : warning NU1903: Das Paket "System.Security.Cryptography.Xml" 10.0.7 weist eine bekannte hoch Schweregrad-Sicherheitsanfälligkeit auf, https://github.com/advisories/GHSA-23rf-6693-g89p. [D:\Repositories\softwareschmiede\06d97d8d-850b-4233-921f-907b93a4e0fe\FinanceManager.Web\FinanceManager.Web.csproj]
D:\Repositories\softwareschmiede\06d97d8d-850b-4233-921f-907b93a4e0fe\FinanceManager.Infrastructure\FinanceManager.Infrastructure.csproj : warning NU1903: Das Paket "System.Security.Cryptography.Xml" 10.0.7 weist eine bekannte hoch Schweregrad-Sicherheitsanfälligkeit auf, https://github.com/advisories/GHSA-8q5v-6pqq-x66h. [D:\Repositories\softwareschmiede\06d97d8d-850b-4233-921f-907b93a4e0fe\FinanceManager.Web\FinanceManager.Web.csproj]
D:\Repositories\softwareschmiede\06d97d8d-850b-4233-921f-907b93a4e0fe\FinanceManager.Infrastructure\FinanceManager.Infrastructure.csproj : warning NU1903: Das Paket "System.Security.Cryptography.Xml" 10.0.7 weist eine bekannte hoch Schweregrad-Sicherheitsanfälligkeit auf, https://github.com/advisories/GHSA-cvvh-rhrc-wg4q. [D:\Repositories\softwareschmiede\06d97d8d-850b-4233-921f-907b93a4e0fe\FinanceManager.Web\FinanceManager.Web.csproj]
D:\Repositories\softwareschmiede\06d97d8d-850b-4233-921f-907b93a4e0fe\FinanceManager.Web\FinanceManager.Web.csproj : warning NU1510: PackageReference Microsoft.Extensions.Hosting.Abstractions wird nicht gekürzt. Erwägen Sie, dieses Paket aus Ihren Abhängigkeiten zu entfernen, da es wahrscheinlich nicht erforderlich ist.
D:\Repositories\softwareschmiede\06d97d8d-850b-4233-921f-907b93a4e0fe\FinanceManager.Infrastructure\FinanceManager.Infrastructure.csproj : warning NU1903: Das Paket "System.Security.Cryptography.Xml" 10.0.7 weist eine bekannte hoch Schweregrad-Sicherheitsanfälligkeit auf, https://github.com/advisories/GHSA-g8r8-53c2-pm3f. [D:\Repositories\softwareschmiede\06d97d8d-850b-4233-921f-907b93a4e0fe\FinanceManager.Web\FinanceManager.Web.csproj]
D:\Repositories\softwareschmiede\06d97d8d-850b-4233-921f-907b93a4e0fe\FinanceManager.Web\FinanceManager.Web.csproj : warning NU1510: PackageReference Microsoft.Extensions.Http wird nicht gekürzt. Erwägen Sie, dieses Paket aus Ihren Abhängigkeiten zu entfernen, da es wahrscheinlich nicht erforderlich ist.
D:\Repositories\softwareschmiede\06d97d8d-850b-4233-921f-907b93a4e0fe\FinanceManager.Infrastructure\FinanceManager.Infrastructure.csproj : warning NU1903: Das Paket "System.Security.Cryptography.Xml" 10.0.7 weist eine bekannte hoch Schweregrad-Sicherheitsanfälligkeit auf, https://github.com/advisories/GHSA-mmjf-rqrv-855v. [D:\Repositories\softwareschmiede\06d97d8d-850b-4233-921f-907b93a4e0fe\FinanceManager.Web\FinanceManager.Web.csproj]
D:\Repositories\softwareschmiede\06d97d8d-850b-4233-921f-907b93a4e0fe\FinanceManager.Web\FinanceManager.Web.csproj : warning NU1510: PackageReference Microsoft.Extensions.Identity.Core wird nicht gekürzt. Erwägen Sie, dieses Paket aus Ihren Abhängigkeiten zu entfernen, da es wahrscheinlich nicht erforderlich ist.
D:\Repositories\softwareschmiede\06d97d8d-850b-4233-921f-907b93a4e0fe\FinanceManager.Web\FinanceManager.Web.csproj : warning NU1903: Das Paket "SQLitePCLRaw.lib.e_sqlite3" 2.1.11 weist eine bekannte hoch Schweregrad-Sicherheitsanfälligkeit auf, https://github.com/advisories/GHSA-2m69-gcr7-jv3q.
D:\Repositories\softwareschmiede\06d97d8d-850b-4233-921f-907b93a4e0fe\FinanceManager.Web\FinanceManager.Web.csproj : warning NU1510: PackageReference Microsoft.AspNetCore.Cryptography.KeyDerivation wird nicht gekürzt. Erwägen Sie, dieses Paket aus Ihren Abhängigkeiten zu entfernen, da es wahrscheinlich nicht erforderlich ist.
D:\Repositories\softwareschmiede\06d97d8d-850b-4233-921f-907b93a4e0fe\FinanceManager.Web\FinanceManager.Web.csproj : warning NU1510: PackageReference Microsoft.Extensions.Caching.Memory wird nicht gekürzt. Erwägen Sie, dieses Paket aus Ihren Abhängigkeiten zu entfernen, da es wahrscheinlich nicht erforderlich ist.
D:\Repositories\softwareschmiede\06d97d8d-850b-4233-921f-907b93a4e0fe\FinanceManager.Web\FinanceManager.Web.csproj : warning NU1510: PackageReference Microsoft.Extensions.Hosting.Abstractions wird nicht gekürzt. Erwägen Sie, dieses Paket aus Ihren Abhängigkeiten zu entfernen, da es wahrscheinlich nicht erforderlich ist.
D:\Repositories\softwareschmiede\06d97d8d-850b-4233-921f-907b93a4e0fe\FinanceManager.Web\FinanceManager.Web.csproj : warning NU1510: PackageReference Microsoft.Extensions.Http wird nicht gekürzt. Erwägen Sie, dieses Paket aus Ihren Abhängigkeiten zu entfernen, da es wahrscheinlich nicht erforderlich ist.
D:\Repositories\softwareschmiede\06d97d8d-850b-4233-921f-907b93a4e0fe\FinanceManager.Web\FinanceManager.Web.csproj : warning NU1510: PackageReference Microsoft.Extensions.Identity.Core wird nicht gekürzt. Erwägen Sie, dieses Paket aus Ihren Abhängigkeiten zu entfernen, da es wahrscheinlich nicht erforderlich ist.
D:\Repositories\softwareschmiede\06d97d8d-850b-4233-921f-907b93a4e0fe\FinanceManager.Web\FinanceManager.Web.csproj : warning NU1903: Das Paket "SQLitePCLRaw.lib.e_sqlite3" 2.1.11 weist eine bekannte hoch Schweregrad-Sicherheitsanfälligkeit auf, https://github.com/advisories/GHSA-2m69-gcr7-jv3q.
D:\Repositories\softwareschmiede\06d97d8d-850b-4233-921f-907b93a4e0fe\FinanceManager.Infrastructure\FinanceManager.Infrastructure.csproj : warning NU1903: Das Paket "SQLitePCLRaw.lib.e_sqlite3" 2.1.11 weist eine bekannte hoch Schweregrad-Sicherheitsanfälligkeit auf, https://github.com/advisories/GHSA-2m69-gcr7-jv3q.
D:\Repositories\softwareschmiede\06d97d8d-850b-4233-921f-907b93a4e0fe\FinanceManager.Infrastructure\FinanceManager.Infrastructure.csproj : warning NU1903: Das Paket "System.Security.Cryptography.Xml" 10.0.7 weist eine bekannte hoch Schweregrad-Sicherheitsanfälligkeit auf, https://github.com/advisories/GHSA-23rf-6693-g89p.
D:\Repositories\softwareschmiede\06d97d8d-850b-4233-921f-907b93a4e0fe\FinanceManager.Infrastructure\FinanceManager.Infrastructure.csproj : warning NU1903: Das Paket "System.Security.Cryptography.Xml" 10.0.7 weist eine bekannte hoch Schweregrad-Sicherheitsanfälligkeit auf, https://github.com/advisories/GHSA-8q5v-6pqq-x66h.
D:\Repositories\softwareschmiede\06d97d8d-850b-4233-921f-907b93a4e0fe\FinanceManager.Infrastructure\FinanceManager.Infrastructure.csproj : warning NU1903: Das Paket "System.Security.Cryptography.Xml" 10.0.7 weist eine bekannte hoch Schweregrad-Sicherheitsanfälligkeit auf, https://github.com/advisories/GHSA-cvvh-rhrc-wg4q.
D:\Repositories\softwareschmiede\06d97d8d-850b-4233-921f-907b93a4e0fe\FinanceManager.Infrastructure\FinanceManager.Infrastructure.csproj : warning NU1903: Das Paket "System.Security.Cryptography.Xml" 10.0.7 weist eine bekannte hoch Schweregrad-Sicherheitsanfälligkeit auf, https://github.com/advisories/GHSA-g8r8-53c2-pm3f.
D:\Repositories\softwareschmiede\06d97d8d-850b-4233-921f-907b93a4e0fe\FinanceManager.Infrastructure\FinanceManager.Infrastructure.csproj : warning NU1903: Das Paket "System.Security.Cryptography.Xml" 10.0.7 weist eine bekannte hoch Schweregrad-Sicherheitsanfälligkeit auf, https://github.com/advisories/GHSA-mmjf-rqrv-855v.
    24 Warnung(en)
    0 Fehler

Verstrichene Zeit 00:00:01.27
